root@evassh-569891:~# mysql -uroot -p123123 -h127.0.0.1
Welcome to the MySQL monitor.  Commands end with ; or \g.
Your MySQL connection id is 43
Server version: 5.5.59-0ubuntu0.14.04.1 (Ubuntu)

Copyright (c) 2000, 2017, Oracle and/or its affiliates. All rights reserved.

Oracle is a registered trademark of Oracle Corporation and/or its
affiliates. Other names may be trademarks of their respective
owners.

Type 'help;' or '\h' for help. Type '\c' to clear the current input statement.

mysql> use TestDb;
ERROR 1049 (42000): Unknown database 'TestDb'
mysql> use MyDb;
ERROR 1049 (42000): Unknown database 'MyDb'
mysql> create database MyDb;
Query OK, 1 row affected (0.00 sec)

mysql> use MyDb;
Database changed
mysql> create table t_user1(userId INT NULL,name VARCHAR(32),password VARCHAR(11),phoneVARCHAR(11),email VARCHAR(32),PRIMARY KEY(userId));
Query OK, 0 rows affected (0.01 sec)

mysql> create table t_user2( name VARCHAR(32), phone VARCHAR(11),email VARCHAR(32),PRIMARY KEY(name,phone));
Query OK, 0 rows affected (0.02 sec)

mysql>